19:22:34 **** Build of configuration Debug for project 0-TPORiegoGit ****
make -r all 
Building file: ../src/Primitivas/PR_MenuLCD.c
Invoking: MCU C Compiler
arm-none-eabi-gcc -DDEBUG -D__CODE_RED -DCORE_M3 -D__LPC17XX__ -D__REDLIB__ -I"C:\Users\Lucas\Desktop\Git\info2\MenuLCD\0-TPORiegoGit\inc" -O0 -fno-common -g3 -Wall -c -fmessage-length=0 -fno-builtin -ffunction-sections -fdata-sections -mcpu=cortex-m3 -mthumb -specs=redlib.specs -MMD -MP -MF"src/Primitivas/PR_MenuLCD.d" -MT"src/Primitivas/PR_MenuLCD.o" -MT"src/Primitivas/PR_MenuLCD.d" -o "src/Primitivas/PR_MenuLCD.o" "../src/Primitivas/PR_MenuLCD.c"
Finished building: ../src/Primitivas/PR_MenuLCD.c
 
Building file: ../src/Primitivas/PR_Teclado5x1.c
Invoking: MCU C Compiler
arm-none-eabi-gcc -DDEBUG -D__CODE_RED -DCORE_M3 -D__LPC17XX__ -D__REDLIB__ -I"C:\Users\Lucas\Desktop\Git\info2\MenuLCD\0-TPORiegoGit\inc" -O0 -fno-common -g3 -Wall -c -fmessage-length=0 -fno-builtin -ffunction-sections -fdata-sections -mcpu=cortex-m3 -mthumb -specs=redlib.specs -MMD -MP -MF"src/Primitivas/PR_Teclado5x1.d" -MT"src/Primitivas/PR_Teclado5x1.o" -MT"src/Primitivas/PR_Teclado5x1.d" -o "src/Primitivas/PR_Teclado5x1.o" "../src/Primitivas/PR_Teclado5x1.c"
Finished building: ../src/Primitivas/PR_Teclado5x1.c
 
Building file: ../src/FW_Inicializaciones/FW_InicDisplays7seg.c
Invoking: MCU C Compiler
arm-none-eabi-gcc -DDEBUG -D__CODE_RED -DCORE_M3 -D__LPC17XX__ -D__REDLIB__ -I"C:\Users\Lucas\Desktop\Git\info2\MenuLCD\0-TPORiegoGit\inc" -O0 -fno-common -g3 -Wall -c -fmessage-length=0 -fno-builtin -ffunction-sections -fdata-sections -mcpu=cortex-m3 -mthumb -specs=redlib.specs -MMD -MP -MF"src/FW_Inicializaciones/FW_InicDisplays7seg.d" -MT"src/FW_Inicializaciones/FW_InicDisplays7seg.o" -MT"src/FW_Inicializaciones/FW_InicDisplays7seg.d" -o "src/FW_Inicializaciones/FW_InicDisplays7seg.o" "../src/FW_Inicializaciones/FW_InicDisplays7seg.c"
Finished building: ../src/FW_Inicializaciones/FW_InicDisplays7seg.c
 
Building file: ../src/FW_Inicializaciones/FW_InicLCD.c
Invoking: MCU C Compiler
arm-none-eabi-gcc -DDEBUG -D__CODE_RED -DCORE_M3 -D__LPC17XX__ -D__REDLIB__ -I"C:\Users\Lucas\Desktop\Git\info2\MenuLCD\0-TPORiegoGit\inc" -O0 -fno-common -g3 -Wall -c -fmessage-length=0 -fno-builtin -ffunction-sections -fdata-sections -mcpu=cortex-m3 -mthumb -specs=redlib.specs -MMD -MP -MF"src/FW_Inicializaciones/FW_InicLCD.d" -MT"src/FW_Inicializaciones/FW_InicLCD.o" -MT"src/FW_Inicializaciones/FW_InicLCD.d" -o "src/FW_Inicializaciones/FW_InicLCD.o" "../src/FW_Inicializaciones/FW_InicLCD.c"
Finished building: ../src/FW_Inicializaciones/FW_InicLCD.c
 
Building file: ../src/FW_Inicializaciones/FW_InicSysTick.c
Invoking: MCU C Compiler
arm-none-eabi-gcc -DDEBUG -D__CODE_RED -DCORE_M3 -D__LPC17XX__ -D__REDLIB__ -I"C:\Users\Lucas\Desktop\Git\info2\MenuLCD\0-TPORiegoGit\inc" -O0 -fno-common -g3 -Wall -c -fmessage-length=0 -fno-builtin -ffunction-sections -fdata-sections -mcpu=cortex-m3 -mthumb -specs=redlib.specs -MMD -MP -MF"src/FW_Inicializaciones/FW_InicSysTick.d" -MT"src/FW_Inicializaciones/FW_InicSysTick.o" -MT"src/FW_Inicializaciones/FW_InicSysTick.d" -o "src/FW_Inicializaciones/FW_InicSysTick.o" "../src/FW_Inicializaciones/FW_InicSysTick.c"
Finished building: ../src/FW_Inicializaciones/FW_InicSysTick.c
 
Building file: ../src/FW_Inicializaciones/FW_InicTeclado5x1.c
Invoking: MCU C Compiler
arm-none-eabi-gcc -DDEBUG -D__CODE_RED -DCORE_M3 -D__LPC17XX__ -D__REDLIB__ -I"C:\Users\Lucas\Desktop\Git\info2\MenuLCD\0-TPORiegoGit\inc" -O0 -fno-common -g3 -Wall -c -fmessage-length=0 -fno-builtin -ffunction-sections -fdata-sections -mcpu=cortex-m3 -mthumb -specs=redlib.specs -MMD -MP -MF"src/FW_Inicializaciones/FW_InicTeclado5x1.d" -MT"src/FW_Inicializaciones/FW_InicTeclado5x1.o" -MT"src/FW_Inicializaciones/FW_InicTeclado5x1.d" -o "src/FW_Inicializaciones/FW_InicTeclado5x1.o" "../src/FW_Inicializaciones/FW_InicTeclado5x1.c"
Finished building: ../src/FW_Inicializaciones/FW_InicTeclado5x1.c
 
Building file: ../src/FW_Inicializaciones/FW_InitBaseBoard.c
Invoking: MCU C Compiler
arm-none-eabi-gcc -DDEBUG -D__CODE_RED -DCORE_M3 -D__LPC17XX__ -D__REDLIB__ -I"C:\Users\Lucas\Desktop\Git\info2\MenuLCD\0-TPORiegoGit\inc" -O0 -fno-common -g3 -Wall -c -fmessage-length=0 -fno-builtin -ffunction-sections -fdata-sections -mcpu=cortex-m3 -mthumb -specs=redlib.specs -MMD -MP -MF"src/FW_Inicializaciones/FW_InitBaseBoard.d" -MT"src/FW_Inicializaciones/FW_InitBaseBoard.o" -MT"src/FW_Inicializaciones/FW_InitBaseBoard.d" -o "src/FW_Inicializaciones/FW_InitBaseBoard.o" "../src/FW_Inicializaciones/FW_InitBaseBoard.c"
Finished building: ../src/FW_Inicializaciones/FW_InitBaseBoard.c
 
Building file: ../src/FW_Inicializaciones/FW_InitOscilador.c
Invoking: MCU C Compiler
arm-none-eabi-gcc -DDEBUG -D__CODE_RED -DCORE_M3 -D__LPC17XX__ -D__REDLIB__ -I"C:\Users\Lucas\Desktop\Git\info2\MenuLCD\0-TPORiegoGit\inc" -O0 -fno-common -g3 -Wall -c -fmessage-length=0 -fno-builtin -ffunction-sections -fdata-sections -mcpu=cortex-m3 -mthumb -specs=redlib.specs -MMD -MP -MF"src/FW_Inicializaciones/FW_InitOscilador.d" -MT"src/FW_Inicializaciones/FW_InitOscilador.o" -MT"src/FW_Inicializaciones/FW_InitOscilador.d" -o "src/FW_Inicializaciones/FW_InitOscilador.o" "../src/FW_Inicializaciones/FW_InitOscilador.c"
Finished building: ../src/FW_Inicializaciones/FW_InitOscilador.c
 
Building file: ../src/FW_Drivers/FW_7Seg.c
Invoking: MCU C Compiler
arm-none-eabi-gcc -DDEBUG -D__CODE_RED -DCORE_M3 -D__LPC17XX__ -D__REDLIB__ -I"C:\Users\Lucas\Desktop\Git\info2\MenuLCD\0-TPORiegoGit\inc" -O0 -fno-common -g3 -Wall -c -fmessage-length=0 -fno-builtin -ffunction-sections -fdata-sections -mcpu=cortex-m3 -mthumb -specs=redlib.specs -MMD -MP -MF"src/FW_Drivers/FW_7Seg.d" -MT"src/FW_Drivers/FW_7Seg.o" -MT"src/FW_Drivers/FW_7Seg.d" -o "src/FW_Drivers/FW_7Seg.o" "../src/FW_Drivers/FW_7Seg.c"
Finished building: ../src/FW_Drivers/FW_7Seg.c
 
Building file: ../src/FW_Drivers/FW_GPIO.c
Invoking: MCU C Compiler
arm-none-eabi-gcc -DDEBUG -D__CODE_RED -DCORE_M3 -D__LPC17XX__ -D__REDLIB__ -I"C:\Users\Lucas\Desktop\Git\info2\MenuLCD\0-TPORiegoGit\inc" -O0 -fno-common -g3 -Wall -c -fmessage-length=0 -fno-builtin -ffunction-sections -fdata-sections -mcpu=cortex-m3 -mthumb -specs=redlib.specs -MMD -MP -MF"src/FW_Drivers/FW_GPIO.d" -MT"src/FW_Drivers/FW_GPIO.o" -MT"src/FW_Drivers/FW_GPIO.d" -o "src/FW_Drivers/FW_GPIO.o" "../src/FW_Drivers/FW_GPIO.c"
Finished building: ../src/FW_Drivers/FW_GPIO.c
 
Building file: ../src/FW_Drivers/FW_LCD.c
Invoking: MCU C Compiler
arm-none-eabi-gcc -DDEBUG -D__CODE_RED -DCORE_M3 -D__LPC17XX__ -D__REDLIB__ -I"C:\Users\Lucas\Desktop\Git\info2\MenuLCD\0-TPORiegoGit\inc" -O0 -fno-common -g3 -Wall -c -fmessage-length=0 -fno-builtin -ffunction-sections -fdata-sections -mcpu=cortex-m3 -mthumb -specs=redlib.specs -MMD -MP -MF"src/FW_Drivers/FW_LCD.d" -MT"src/FW_Drivers/FW_LCD.o" -MT"src/FW_Drivers/FW_LCD.d" -o "src/FW_Drivers/FW_LCD.o" "../src/FW_Drivers/FW_LCD.c"
Finished building: ../src/FW_Drivers/FW_LCD.c
 
Building file: ../src/FW_Drivers/FW_Systick.c
Invoking: MCU C Compiler
arm-none-eabi-gcc -DDEBUG -D__CODE_RED -DCORE_M3 -D__LPC17XX__ -D__REDLIB__ -I"C:\Users\Lucas\Desktop\Git\info2\MenuLCD\0-TPORiegoGit\inc" -O0 -fno-common -g3 -Wall -c -fmessage-length=0 -fno-builtin -ffunction-sections -fdata-sections -mcpu=cortex-m3 -mthumb -specs=redlib.specs -MMD -MP -MF"src/FW_Drivers/FW_Systick.d" -MT"src/FW_Drivers/FW_Systick.o" -MT"src/FW_Drivers/FW_Systick.d" -o "src/FW_Drivers/FW_Systick.o" "../src/FW_Drivers/FW_Systick.c"
Finished building: ../src/FW_Drivers/FW_Systick.c
 
Building file: ../src/FW_Drivers/FW_Teclado5x1.c
Invoking: MCU C Compiler
arm-none-eabi-gcc -DDEBUG -D__CODE_RED -DCORE_M3 -D__LPC17XX__ -D__REDLIB__ -I"C:\Users\Lucas\Desktop\Git\info2\MenuLCD\0-TPORiegoGit\inc" -O0 -fno-common -g3 -Wall -c -fmessage-length=0 -fno-builtin -ffunction-sections -fdata-sections -mcpu=cortex-m3 -mthumb -specs=redlib.specs -MMD -MP -MF"src/FW_Drivers/FW_Teclado5x1.d" -MT"src/FW_Drivers/FW_Teclado5x1.o" -MT"src/FW_Drivers/FW_Teclado5x1.d" -o "src/FW_Drivers/FW_Teclado5x1.o" "../src/FW_Drivers/FW_Teclado5x1.c"
Finished building: ../src/FW_Drivers/FW_Teclado5x1.c
 
Building file: ../src/main.c
Invoking: MCU C Compiler
arm-none-eabi-gcc -DDEBUG -D__CODE_RED -DCORE_M3 -D__LPC17XX__ -D__REDLIB__ -I"C:\Users\Lucas\Desktop\Git\info2\MenuLCD\0-TPORiegoGit\inc" -O0 -fno-common -g3 -Wall -c -fmessage-length=0 -fno-builtin -ffunction-sections -fdata-sections -mcpu=cortex-m3 -mthumb -specs=redlib.specs -MMD -MP -MF"src/main.d" -MT"src/main.o" -MT"src/main.d" -o "src/main.o" "../src/main.c"
Finished building: ../src/main.c
 
Building target: 0-TPORiegoGit.axf
Invoking: MCU Linker
arm-none-eabi-gcc -nostdlib -Xlinker -Map="0-TPORiegoGit.map" -Xlinker --gc-sections -Xlinker -print-memory-usage -mcpu=cortex-m3 -mthumb -T "0-TPORiego_Debug.ld" -o "0-TPORiegoGit.axf"  ./src/Primitivas/PR_7Seg.o ./src/Primitivas/PR_MenuLCD.o ./src/Primitivas/PR_Teclado5x1.o  ./src/FW_Inicializaciones/FW_InicDisplays7seg.o ./src/FW_Inicializaciones/FW_InicLCD.o ./src/FW_Inicializaciones/FW_InicSysTick.o ./src/FW_Inicializaciones/FW_InicTeclado5x1.o ./src/FW_Inicializaciones/FW_InitBaseBoard.o ./src/FW_Inicializaciones/FW_InitOscilador.o  ./src/FW_Drivers/FW_7Seg.o ./src/FW_Drivers/FW_GPIO.o ./src/FW_Drivers/FW_LCD.o ./src/FW_Drivers/FW_Systick.o ./src/FW_Drivers/FW_Teclado5x1.o ./src/FW_Drivers/cr_startup_lpc175x_6x.o ./src/FW_Drivers/crp.o  ./src/main.o   
Memory region         Used Size  Region Size  %age Used
       MFlash512:        7108 B       512 KB      1.36%
        RamLoc32:          40 B        32 KB      0.12%
        RamAHB32:          0 GB        32 KB      0.00%
Finished building target: 0-TPORiegoGit.axf
 
make --no-print-directory post-build
Performing post-build steps
arm-none-eabi-size "0-TPORiegoGit.axf"; # arm-none-eabi-objcopy -v -O binary "0-TPORiegoGit.axf" "0-TPORiegoGit.bin" ; # checksum -p LPC1769 -d "0-TPORiegoGit.bin";
   text	   data	    bss	    dec	    hex	filename
   7092	     16	     24	   7132	   1bdc	0-TPORiegoGit.axf
 

19:22:38 Build Finished (took 4s.313ms)

