23:29:41 **** Build of configuration Debug for project test_RF_v2 ****
make -r all 
Building target: test_RF_v2.axf
Invoking: MCU Linker
arm-none-eabi-gcc -nostdlib -Xlinker -Map="test_RF_v2.map" -Xlinker --gc-sections -Xlinker -print-memory-usage -mcpu=cortex-m3 -mthumb -T "test_RF_v2_Debug.ld" -o "test_RF_v2.axf"  ./src/Primitivas/KitInfo2PR_Teclado.o ./src/Primitivas/PR_7Seg.o ./src/Primitivas/PR_SSP1.o ./src/Primitivas/PR_Timers.o ./src/Primitivas/PR_nRF.o  ./src/FW_Inicializaciones/FW_InitBaseBoard.o ./src/FW_Inicializaciones/FW_InitExpansion3.o ./src/FW_Inicializaciones/FW_InitKit_principal.o ./src/FW_Inicializaciones/FW_InitOscilador.o ./src/FW_Inicializaciones/FW_InitSSP.o ./src/FW_Inicializaciones/FW_Init_nRF.o ./src/FW_Inicializaciones/cr_startup_lpc176x.o  ./src/FW_Drivers/Entradas_FW.o ./src/FW_Drivers/FW_7Seg.o ./src/FW_Drivers/FW_GPIO.o ./src/FW_Drivers/FW_LCD.o ./src/FW_Drivers/FW_SSP1.o ./src/FW_Drivers/FW_Systick.o ./src/FW_Drivers/FW_nRF.o ./src/FW_Drivers/KitInfo2FW_Teclado.o  ./src/Aplicacion.o ./src/crp.o ./src/test_RF.o   
Memory region         Used Size  Region Size  %age Used
       MFlash512:        6644 B       512 KB      1.27%
        RamLoc32:         324 B        32 KB      0.99%
        RamAHB32:          0 GB        32 KB      0.00%
Finished building target: test_RF_v2.axf
 
make --no-print-directory post-build
Performing post-build steps
arm-none-eabi-size "test_RF_v2.axf"; # arm-none-eabi-objcopy -v -O binary "test_RF_v2.axf" "test_RF_v2.bin" ; # checksum -p LPC1769 -d "test_RF_v2.bin";
   text	   data	    bss	    dec	    hex	filename
   6596	     48	    276	   6920	   1b08	test_RF_v2.axf
 
