Archive member included to satisfy reference by file (symbol)

c:/nxp/lpcxpresso_8.2.2_650/lpcxpresso/tools/bin/../lib/gcc/arm-none-eabi/5.4.1/../../../../arm-none-eabi/lib/armv7-m\libcr_c.a(__weak__main.o)
                              ./src/Drivers/cr_startup_lpc175x_6x.o (__main)

Discarded input sections

 .group         0x00000000        0x8 ./src/Primitivas/PR_7Seg.o
 .group         0x00000000        0x8 ./src/Primitivas/PR_7Seg.o
 .group         0x00000000        0x8 ./src/Primitivas/PR_7Seg.o
 .group         0x00000000        0x8 ./src/Primitivas/PR_7Seg.o
 .group         0x00000000        0x8 ./src/Primitivas/PR_7Seg.o
 .group         0x00000000        0x8 ./src/Primitivas/PR_7Seg.o
 .group         0x00000000        0x8 ./src/Primitivas/PR_7Seg.o
 .group         0x00000000        0x8 ./src/Primitivas/PR_7Seg.o
 .group         0x00000000        0x8 ./src/Primitivas/PR_7Seg.o
 .group         0x00000000        0x8 ./src/Primitivas/PR_7Seg.o
 .text          0x00000000        0x0 ./src/Primitivas/PR_7Seg.o
 .data          0x00000000        0x0 ./src/Primitivas/PR_7Seg.o
 .bss           0x00000000        0x0 ./src/Primitivas/PR_7Seg.o
 .group         0x00000000        0x8 ./src/Primitivas/PR_MenuLCD.o
 .group         0x00000000        0x8 ./src/Primitivas/PR_MenuLCD.o
 .group         0x00000000        0x8 ./src/Primitivas/PR_MenuLCD.o
 .group         0x00000000        0x8 ./src/Primitivas/PR_MenuLCD.o
 .group         0x00000000        0x8 ./src/Primitivas/PR_MenuLCD.o
 .group         0x00000000        0x8 ./src/Primitivas/PR_MenuLCD.o
 .group         0x00000000        0x8 ./src/Primitivas/PR_MenuLCD.o
 .group         0x00000000        0x8 ./src/Primitivas/PR_MenuLCD.o
 .group         0x00000000        0x8 ./src/Primitivas/PR_MenuLCD.o
 .group         0x00000000        0x8 ./src/Primitivas/PR_MenuLCD.o
 .text          0x00000000        0x0 ./src/Primitivas/PR_MenuLCD.o
 .data          0x00000000        0x0 ./src/Primitivas/PR_MenuLCD.o
 .bss           0x00000000        0x0 ./src/Primitivas/PR_MenuLCD.o
 .debug_macro   0x00000000      0x886 ./src/Primitivas/PR_MenuLCD.o
 .debug_macro   0x00000000      0x671 ./src/Primitivas/PR_MenuLCD.o
 .debug_macro   0x00000000       0x7c ./src/Primitivas/PR_MenuLCD.o
 .debug_macro   0x00000000       0x5e ./src/Primitivas/PR_MenuLCD.o
 .debug_macro   0x00000000      0x160 ./src/Primitivas/PR_MenuLCD.o
 .debug_macro   0x00000000      0x172 ./src/Primitivas/PR_MenuLCD.o
 .debug_macro   0x00000000       0x4c ./src/Primitivas/PR_MenuLCD.o
 .debug_macro   0x00000000       0xa0 ./src/Primitivas/PR_MenuLCD.o
 .debug_macro   0x00000000       0x3a ./src/Primitivas/PR_MenuLCD.o
 .debug_macro   0x00000000       0x22 ./src/Primitivas/PR_MenuLCD.o
 .group         0x00000000        0x8 ./src/Primitivas/PR_Teclado5x1.o
 .group         0x00000000        0x8 ./src/Primitivas/PR_Teclado5x1.o
 .group         0x00000000        0x8 ./src/Primitivas/PR_Teclado5x1.o
 .group         0x00000000        0x8 ./src/Primitivas/PR_Teclado5x1.o
 .group         0x00000000        0x8 ./src/Primitivas/PR_Teclado5x1.o
 .group         0x00000000        0x8 ./src/Primitivas/PR_Teclado5x1.o
 .group         0x00000000        0x8 ./src/Primitivas/PR_Teclado5x1.o
 .group         0x00000000        0x8 ./src/Primitivas/PR_Teclado5x1.o
 .group         0x00000000        0x8 ./src/Primitivas/PR_Teclado5x1.o
 .group         0x00000000        0x8 ./src/Primitivas/PR_Teclado5x1.o
 .text          0x00000000        0x0 ./src/Primitivas/PR_Teclado5x1.o
 .data          0x00000000        0x0 ./src/Primitivas/PR_Teclado5x1.o
 .bss           0x00000000        0x0 ./src/Primitivas/PR_Teclado5x1.o
 .debug_macro   0x00000000      0x886 ./src/Primitivas/PR_Teclado5x1.o
 .debug_macro   0x00000000      0x671 ./src/Primitivas/PR_Teclado5x1.o
 .debug_macro   0x00000000       0x7c ./src/Primitivas/PR_Teclado5x1.o
 .debug_macro   0x00000000       0x5e ./src/Primitivas/PR_Teclado5x1.o
 .debug_macro   0x00000000      0x160 ./src/Primitivas/PR_Teclado5x1.o
 .debug_macro   0x00000000      0x172 ./src/Primitivas/PR_Teclado5x1.o
 .debug_macro   0x00000000       0x4c ./src/Primitivas/PR_Teclado5x1.o
 .debug_macro   0x00000000       0xa0 ./src/Primitivas/PR_Teclado5x1.o
 .debug_macro   0x00000000       0x3a ./src/Primitivas/PR_Teclado5x1.o
 .debug_macro   0x00000000       0x22 ./src/Primitivas/PR_Teclado5x1.o
 .group         0x00000000        0x8 ./src/FW_Inicializaciones/FW_InicDisplays7seg.o
 .group         0x00000000        0x8 ./src/FW_Inicializaciones/FW_InicDisplays7seg.o
 .group         0x00000000        0x8 ./src/FW_Inicializaciones/FW_InicDisplays7seg.o
 .group         0x00000000        0x8 ./src/FW_Inicializaciones/FW_InicDisplays7seg.o
 .group         0x00000000        0x8 ./src/FW_Inicializaciones/FW_InicDisplays7seg.o
 .group         0x00000000        0x8 ./src/FW_Inicializaciones/FW_InicDisplays7seg.o
 .group         0x00000000        0x8 ./src/FW_Inicializaciones/FW_InicDisplays7seg.o
 .group         0x00000000        0x8 ./src/FW_Inicializaciones/FW_InicDisplays7seg.o
 .group         0x00000000        0x8 ./src/FW_Inicializaciones/FW_InicDisplays7seg.o
 .group         0x00000000        0x8 ./src/FW_Inicializaciones/FW_InicDisplays7seg.o
 .text          0x00000000        0x0 ./src/FW_Inicializaciones/FW_InicDisplays7seg.o
 .data          0x00000000        0x0 ./src/FW_Inicializaciones/FW_InicDisplays7seg.o
 .bss           0x00000000        0x0 ./src/FW_Inicializaciones/FW_InicDisplays7seg.o
 .debug_macro   0x00000000      0x886 ./src/FW_Inicializaciones/FW_InicDisplays7seg.o
 .debug_macro   0x00000000      0x671 ./src/FW_Inicializaciones/FW_InicDisplays7seg.o
 .debug_macro   0x00000000       0x7c ./src/FW_Inicializaciones/FW_InicDisplays7seg.o
 .debug_macro   0x00000000       0x5e ./src/FW_Inicializaciones/FW_InicDisplays7seg.o
 .debug_macro   0x00000000      0x160 ./src/FW_Inicializaciones/FW_InicDisplays7seg.o
 .debug_macro   0x00000000      0x172 ./src/FW_Inicializaciones/FW_InicDisplays7seg.o
 .debug_macro   0x00000000       0x4c ./src/FW_Inicializaciones/FW_InicDisplays7seg.o
 .debug_macro   0x00000000       0xa0 ./src/FW_Inicializaciones/FW_InicDisplays7seg.o
 .debug_macro   0x00000000       0x3a ./src/FW_Inicializaciones/FW_InicDisplays7seg.o
 .debug_macro   0x00000000       0x22 ./src/FW_Inicializaciones/FW_InicDisplays7seg.o
 .group         0x00000000        0x8 ./src/FW_Inicializaciones/FW_InicLCD.o
 .group         0x00000000        0x8 ./src/FW_Inicializaciones/FW_InicLCD.o
 .group         0x00000000        0x8 ./src/FW_Inicializaciones/FW_InicLCD.o
 .group         0x00000000        0x8 ./src/FW_Inicializaciones/FW_InicLCD.o
 .group         0x00000000        0x8 ./src/FW_Inicializaciones/FW_InicLCD.o
 .group         0x00000000        0x8 ./src/FW_Inicializaciones/FW_InicLCD.o
 .group         0x00000000        0x8 ./src/FW_Inicializaciones/FW_InicLCD.o
 .group         0x00000000        0x8 ./src/FW_Inicializaciones/FW_InicLCD.o
 .group         0x00000000        0x8 ./src/FW_Inicializaciones/FW_InicLCD.o
 .group         0x00000000        0x8 ./src/FW_Inicializaciones/FW_InicLCD.o
 .text          0x00000000        0x0 ./src/FW_Inicializaciones/FW_InicLCD.o
 .data          0x00000000        0x0 ./src/FW_Inicializaciones/FW_InicLCD.o
 .bss           0x00000000        0x0 ./src/FW_Inicializaciones/FW_InicLCD.o
 .debug_macro   0x00000000      0x886 ./src/FW_Inicializaciones/FW_InicLCD.o
 .debug_macro   0x00000000      0x671 ./src/FW_Inicializaciones/FW_InicLCD.o
 .debug_macro   0x00000000       0x7c ./src/FW_Inicializaciones/FW_InicLCD.o
 .debug_macro   0x00000000       0x5e ./src/FW_Inicializaciones/FW_InicLCD.o
 .debug_macro   0x00000000      0x160 ./src/FW_Inicializaciones/FW_InicLCD.o
 .debug_macro   0x00000000      0x172 ./src/FW_Inicializaciones/FW_InicLCD.o
 .debug_macro   0x00000000       0x4c ./src/FW_Inicializaciones/FW_InicLCD.o
 .debug_macro   0x00000000       0xa0 ./src/FW_Inicializaciones/FW_InicLCD.o
 .debug_macro   0x00000000       0x3a ./src/FW_Inicializaciones/FW_InicLCD.o
 .debug_macro   0x00000000       0x22 ./src/FW_Inicializaciones/FW_InicLCD.o
 .group         0x00000000        0x8 ./src/FW_Inicializaciones/FW_InicRTC.o
 .group         0x00000000        0x8 ./src/FW_Inicializaciones/FW_InicRTC.o
 .group         0x00000000        0x8 ./src/FW_Inicializaciones/FW_InicRTC.o
 .group         0x00000000        0x8 ./src/FW_Inicializaciones/FW_InicRTC.o
 .group         0x00000000        0x8 ./src/FW_Inicializaciones/FW_InicRTC.o
 .group         0x00000000        0x8 ./src/FW_Inicializaciones/FW_InicRTC.o
 .group         0x00000000        0x8 ./src/FW_Inicializaciones/FW_InicRTC.o
 .group         0x00000000        0x8 ./src/FW_Inicializaciones/FW_InicRTC.o
 .group         0x00000000        0x8 ./src/FW_Inicializaciones/FW_InicRTC.o
 .group         0x00000000        0x8 ./src/FW_Inicializaciones/FW_InicRTC.o
 .text          0x00000000        0x0 ./src/FW_Inicializaciones/FW_InicRTC.o
 .data          0x00000000        0x0 ./src/FW_Inicializaciones/FW_InicRTC.o
 .bss           0x00000000        0x0 ./src/FW_Inicializaciones/FW_InicRTC.o
 .debug_macro   0x00000000      0x886 ./src/FW_Inicializaciones/FW_InicRTC.o
 .debug_macro   0x00000000      0x671 ./src/FW_Inicializaciones/FW_InicRTC.o
 .debug_macro   0x00000000       0x7c ./src/FW_Inicializaciones/FW_InicRTC.o
 .debug_macro   0x00000000       0x5e ./src/FW_Inicializaciones/FW_InicRTC.o
 .debug_macro   0x00000000      0x160 ./src/FW_Inicializaciones/FW_InicRTC.o
 .debug_macro   0x00000000      0x172 ./src/FW_Inicializaciones/FW_InicRTC.o
 .debug_macro   0x00000000       0x4c ./src/FW_Inicializaciones/FW_InicRTC.o
 .debug_macro   0x00000000       0xa0 ./src/FW_Inicializaciones/FW_InicRTC.o
 .debug_macro   0x00000000       0x3a ./src/FW_Inicializaciones/FW_InicRTC.o
 .debug_macro   0x00000000       0x22 ./src/FW_Inicializaciones/FW_InicRTC.o
 .group         0x00000000        0x8 ./src/FW_Inicializaciones/FW_InicSysTick.o
 .group         0x00000000        0x8 ./src/FW_Inicializaciones/FW_InicSysTick.o
 .group         0x00000000        0x8 ./src/FW_Inicializaciones/FW_InicSysTick.o
 .group         0x00000000        0x8 ./src/FW_Inicializaciones/FW_InicSysTick.o
 .group         0x00000000        0x8 ./src/FW_Inicializaciones/FW_InicSysTick.o
 .group         0x00000000        0x8 ./src/FW_Inicializaciones/FW_InicSysTick.o
 .group         0x00000000        0x8 ./src/FW_Inicializaciones/FW_InicSysTick.o
 .group         0x00000000        0x8 ./src/FW_Inicializaciones/FW_InicSysTick.o
 .group         0x00000000        0x8 ./src/FW_Inicializaciones/FW_InicSysTick.o
 .group         0x00000000        0x8 ./src/FW_Inicializaciones/FW_InicSysTick.o
 .text          0x00000000        0x0 ./src/FW_Inicializaciones/FW_InicSysTick.o
 .data          0x00000000        0x0 ./src/FW_Inicializaciones/FW_InicSysTick.o
 .bss           0x00000000        0x0 ./src/FW_Inicializaciones/FW_InicSysTick.o
 .debug_macro   0x00000000      0x886 ./src/FW_Inicializaciones/FW_InicSysTick.o
 .debug_macro   0x00000000      0x671 ./src/FW_Inicializaciones/FW_InicSysTick.o
 .debug_macro   0x00000000       0x7c ./src/FW_Inicializaciones/FW_InicSysTick.o
 .debug_macro   0x00000000       0x5e ./src/FW_Inicializaciones/FW_InicSysTick.o
 .debug_macro   0x00000000      0x160 ./src/FW_Inicializaciones/FW_InicSysTick.o
 .debug_macro   0x00000000      0x172 ./src/FW_Inicializaciones/FW_InicSysTick.o
 .debug_macro   0x00000000       0x4c ./src/FW_Inicializaciones/FW_InicSysTick.o
 .debug_macro   0x00000000       0xa0 ./src/FW_Inicializaciones/FW_InicSysTick.o
 .debug_macro   0x00000000       0x3a ./src/FW_Inicializaciones/FW_InicSysTick.o
 .debug_macro   0x00000000       0x22 ./src/FW_Inicializaciones/FW_InicSysTick.o
 .group         0x00000000        0x8 ./src/FW_Inicializaciones/FW_InicTeclado5x1.o
 .group         0x00000000        0x8 ./src/FW_Inicializaciones/FW_InicTeclado5x1.o
 .group         0x00000000        0x8 ./src/FW_Inicializaciones/FW_InicTeclado5x1.o
 .group         0x00000000        0x8 ./src/FW_Inicializaciones/FW_InicTeclado5x1.o
 .group         0x00000000        0x8 ./src/FW_Inicializaciones/FW_InicTeclado5x1.o
 .group         0x00000000        0x8 ./src/FW_Inicializaciones/FW_InicTeclado5x1.o
 .group         0x00000000        0x8 ./src/FW_Inicializaciones/FW_InicTeclado5x1.o
 .group         0x00000000        0x8 ./src/FW_Inicializaciones/FW_InicTeclado5x1.o
 .group         0x00000000        0x8 ./src/FW_Inicializaciones/FW_InicTeclado5x1.o
 .group         0x00000000        0x8 ./src/FW_Inicializaciones/FW_InicTeclado5x1.o
 .text          0x00000000        0x0 ./src/FW_Inicializaciones/FW_InicTeclado5x1.o
 .data          0x00000000        0x0 ./src/FW_Inicializaciones/FW_InicTeclado5x1.o
 .bss           0x00000000        0x0 ./src/FW_Inicializaciones/FW_InicTeclado5x1.o
 .debug_macro   0x00000000      0x886 ./src/FW_Inicializaciones/FW_InicTeclado5x1.o
 .debug_macro   0x00000000      0x671 ./src/FW_Inicializaciones/FW_InicTeclado5x1.o
 .debug_macro   0x00000000       0x7c ./src/FW_Inicializaciones/FW_InicTeclado5x1.o
 .debug_macro   0x00000000       0x5e ./src/FW_Inicializaciones/FW_InicTeclado5x1.o
 .debug_macro   0x00000000      0x160 ./src/FW_Inicializaciones/FW_InicTeclado5x1.o
 .debug_macro   0x00000000      0x172 ./src/FW_Inicializaciones/FW_InicTeclado5x1.o
 .debug_macro   0x00000000       0x4c ./src/FW_Inicializaciones/FW_InicTeclado5x1.o
 .debug_macro   0x00000000       0xa0 ./src/FW_Inicializaciones/FW_InicTeclado5x1.o
 .debug_macro   0x00000000       0x3a ./src/FW_Inicializaciones/FW_InicTeclado5x1.o
 .debug_macro   0x00000000       0x22 ./src/FW_Inicializaciones/FW_InicTeclado5x1.o
 .group         0x00000000        0x8 ./src/FW_Inicializaciones/FW_InitBaseBoard.o
 .group         0x00000000        0x8 ./src/FW_Inicializaciones/FW_InitBaseBoard.o
 .group         0x00000000        0x8 ./src/FW_Inicializaciones/FW_InitBaseBoard.o
 .group         0x00000000        0x8 ./src/FW_Inicializaciones/FW_InitBaseBoard.o
 .group         0x00000000        0x8 ./src/FW_Inicializaciones/FW_InitBaseBoard.o
 .group         0x00000000        0x8 ./src/FW_Inicializaciones/FW_InitBaseBoard.o
 .group         0x00000000        0x8 ./src/FW_Inicializaciones/FW_InitBaseBoard.o
 .group         0x00000000        0x8 ./src/FW_Inicializaciones/FW_InitBaseBoard.o
 .group         0x00000000        0x8 ./src/FW_Inicializaciones/FW_InitBaseBoard.o
 .group         0x00000000        0x8 ./src/FW_Inicializaciones/FW_InitBaseBoard.o
 .text          0x00000000        0x0 ./src/FW_Inicializaciones/FW_InitBaseBoard.o
 .data          0x00000000        0x0 ./src/FW_Inicializaciones/FW_InitBaseBoard.o
 .bss           0x00000000        0x0 ./src/FW_Inicializaciones/FW_InitBaseBoard.o
 .debug_macro   0x00000000      0x886 ./src/FW_Inicializaciones/FW_InitBaseBoard.o
 .debug_macro   0x00000000      0x671 ./src/FW_Inicializaciones/FW_InitBaseBoard.o
 .debug_macro   0x00000000       0x7c ./src/FW_Inicializaciones/FW_InitBaseBoard.o
 .debug_macro   0x00000000       0x5e ./src/FW_Inicializaciones/FW_InitBaseBoard.o
 .debug_macro   0x00000000      0x160 ./src/FW_Inicializaciones/FW_InitBaseBoard.o
 .debug_macro   0x00000000      0x172 ./src/FW_Inicializaciones/FW_InitBaseBoard.o
 .debug_macro   0x00000000       0x4c ./src/FW_Inicializaciones/FW_InitBaseBoard.o
 .debug_macro   0x00000000       0xa0 ./src/FW_Inicializaciones/FW_InitBaseBoard.o
 .debug_macro   0x00000000       0x3a ./src/FW_Inicializaciones/FW_InitBaseBoard.o
 .debug_macro   0x00000000       0x22 ./src/FW_Inicializaciones/FW_InitBaseBoard.o
 .group         0x00000000        0x8 ./src/FW_Inicializaciones/FW_InitOscilador.o
 .group         0x00000000        0x8 ./src/FW_Inicializaciones/FW_InitOscilador.o
 .group         0x00000000        0x8 ./src/FW_Inicializaciones/FW_InitOscilador.o
 .text          0x00000000        0x0 ./src/FW_Inicializaciones/FW_InitOscilador.o
 .data          0x00000000        0x0 ./src/FW_Inicializaciones/FW_InitOscilador.o
 .bss           0x00000000        0x0 ./src/FW_Inicializaciones/FW_InitOscilador.o
 .debug_macro   0x00000000      0x886 ./src/FW_Inicializaciones/FW_InitOscilador.o
 .debug_macro   0x00000000       0x5e ./src/FW_Inicializaciones/FW_InitOscilador.o
 .debug_macro   0x00000000      0x671 ./src/FW_Inicializaciones/FW_InitOscilador.o
 .group         0x00000000        0x8 ./src/Drivers/DR_7Seg.o
 .group         0x00000000        0x8 ./src/Drivers/DR_7Seg.o
 .group         0x00000000        0x8 ./src/Drivers/DR_7Seg.o
 .group         0x00000000        0x8 ./src/Drivers/DR_7Seg.o
 .group         0x00000000        0x8 ./src/Drivers/DR_7Seg.o
 .group         0x00000000        0x8 ./src/Drivers/DR_7Seg.o
 .group         0x00000000        0x8 ./src/Drivers/DR_7Seg.o
 .group         0x00000000        0x8 ./src/Drivers/DR_7Seg.o
 .group         0x00000000        0x8 ./src/Drivers/DR_7Seg.o
 .group         0x00000000        0x8 ./src/Drivers/DR_7Seg.o
 .text          0x00000000        0x0 ./src/Drivers/DR_7Seg.o
 .data          0x00000000        0x0 ./src/Drivers/DR_7Seg.o
 .bss           0x00000000        0x0 ./src/Drivers/DR_7Seg.o
 .debug_macro   0x00000000      0x886 ./src/Drivers/DR_7Seg.o
 .debug_macro   0x00000000      0x671 ./src/Drivers/DR_7Seg.o
 .debug_macro   0x00000000       0x7c ./src/Drivers/DR_7Seg.o
 .debug_macro   0x00000000       0x5e ./src/Drivers/DR_7Seg.o
 .debug_macro   0x00000000      0x160 ./src/Drivers/DR_7Seg.o
 .debug_macro   0x00000000      0x172 ./src/Drivers/DR_7Seg.o
 .debug_macro   0x00000000       0x4c ./src/Drivers/DR_7Seg.o
 .debug_macro   0x00000000       0xa0 ./src/Drivers/DR_7Seg.o
 .debug_macro   0x00000000       0x3a ./src/Drivers/DR_7Seg.o
 .debug_macro   0x00000000       0x22 ./src/Drivers/DR_7Seg.o
 .group         0x00000000        0x8 ./src/Drivers/DR_GPIO.o
 .group         0x00000000        0x8 ./src/Drivers/DR_GPIO.o
 .group         0x00000000        0x8 ./src/Drivers/DR_GPIO.o
 .group         0x00000000        0x8 ./src/Drivers/DR_GPIO.o
 .group         0x00000000        0x8 ./src/Drivers/DR_GPIO.o
 .group         0x00000000        0x8 ./src/Drivers/DR_GPIO.o
 .group         0x00000000        0x8 ./src/Drivers/DR_GPIO.o
 .group         0x00000000        0x8 ./src/Drivers/DR_GPIO.o
 .group         0x00000000        0x8 ./src/Drivers/DR_GPIO.o
 .group         0x00000000        0x8 ./src/Drivers/DR_GPIO.o
 .text          0x00000000        0x0 ./src/Drivers/DR_GPIO.o
 .data          0x00000000        0x0 ./src/Drivers/DR_GPIO.o
 .bss           0x00000000        0x0 ./src/Drivers/DR_GPIO.o
 .text.TooglePIN
                0x00000000       0x90 ./src/Drivers/DR_GPIO.o
 .debug_macro   0x00000000      0x886 ./src/Drivers/DR_GPIO.o
 .debug_macro   0x00000000      0x671 ./src/Drivers/DR_GPIO.o
 .debug_macro   0x00000000       0x7c ./src/Drivers/DR_GPIO.o
 .debug_macro   0x00000000       0x5e ./src/Drivers/DR_GPIO.o
 .debug_macro   0x00000000      0x160 ./src/Drivers/DR_GPIO.o
 .debug_macro   0x00000000      0x172 ./src/Drivers/DR_GPIO.o
 .debug_macro   0x00000000       0x4c ./src/Drivers/DR_GPIO.o
 .debug_macro   0x00000000       0xa0 ./src/Drivers/DR_GPIO.o
 .debug_macro   0x00000000       0x3a ./src/Drivers/DR_GPIO.o
 .debug_macro   0x00000000       0x22 ./src/Drivers/DR_GPIO.o
 .group         0x00000000        0x8 ./src/Drivers/DR_LCD.o
 .group         0x00000000        0x8 ./src/Drivers/DR_LCD.o
 .group         0x00000000        0x8 ./src/Drivers/DR_LCD.o
 .group         0x00000000        0x8 ./src/Drivers/DR_LCD.o
 .group         0x00000000        0x8 ./src/Drivers/DR_LCD.o
 .group         0x00000000        0x8 ./src/Drivers/DR_LCD.o
 .group         0x00000000        0x8 ./src/Drivers/DR_LCD.o
 .group         0x00000000        0x8 ./src/Drivers/DR_LCD.o
 .group         0x00000000        0x8 ./src/Drivers/DR_LCD.o
 .group         0x00000000        0x8 ./src/Drivers/DR_LCD.o
 .text          0x00000000        0x0 ./src/Drivers/DR_LCD.o
 .data          0x00000000        0x0 ./src/Drivers/DR_LCD.o
 .bss           0x00000000        0x0 ./src/Drivers/DR_LCD.o
 .debug_macro   0x00000000      0x886 ./src/Drivers/DR_LCD.o
 .debug_macro   0x00000000      0x671 ./src/Drivers/DR_LCD.o
 .debug_macro   0x00000000       0x7c ./src/Drivers/DR_LCD.o
 .debug_macro   0x00000000       0x5e ./src/Drivers/DR_LCD.o
 .debug_macro   0x00000000      0x160 ./src/Drivers/DR_LCD.o
 .debug_macro   0x00000000      0x172 ./src/Drivers/DR_LCD.o
 .debug_macro   0x00000000       0x4c ./src/Drivers/DR_LCD.o
 .debug_macro   0x00000000       0xa0 ./src/Drivers/DR_LCD.o
 .debug_macro   0x00000000       0x3a ./src/Drivers/DR_LCD.o
 .debug_macro   0x00000000       0x22 ./src/Drivers/DR_LCD.o
 .group         0x00000000        0x8 ./src/Drivers/DR_RTC.o
 .group         0x00000000        0x8 ./src/Drivers/DR_RTC.o
 .group         0x00000000        0x8 ./src/Drivers/DR_RTC.o
 .group         0x00000000        0x8 ./src/Drivers/DR_RTC.o
 .group         0x00000000        0x8 ./src/Drivers/DR_RTC.o
 .group         0x00000000        0x8 ./src/Drivers/DR_RTC.o
 .group         0x00000000        0x8 ./src/Drivers/DR_RTC.o
 .group         0x00000000        0x8 ./src/Drivers/DR_RTC.o
 .group         0x00000000        0x8 ./src/Drivers/DR_RTC.o
 .group         0x00000000        0x8 ./src/Drivers/DR_RTC.o
 .text          0x00000000        0x0 ./src/Drivers/DR_RTC.o
 .data          0x00000000        0x0 ./src/Drivers/DR_RTC.o
 .bss           0x00000000        0x0 ./src/Drivers/DR_RTC.o
 .text.RTC_HabilitarRiegoAut
                0x00000000       0x70 ./src/Drivers/DR_RTC.o
 .text.RTC_SetHoraFecha
                0x00000000       0x58 ./src/Drivers/DR_RTC.o
 .text.RTC_GetHoraFecha
                0x00000000       0x74 ./src/Drivers/DR_RTC.o
 .debug_macro   0x00000000      0x886 ./src/Drivers/DR_RTC.o
 .debug_macro   0x00000000      0x671 ./src/Drivers/DR_RTC.o
 .debug_macro   0x00000000       0x7c ./src/Drivers/DR_RTC.o
 .debug_macro   0x00000000       0x5e ./src/Drivers/DR_RTC.o
 .debug_macro   0x00000000      0x160 ./src/Drivers/DR_RTC.o
 .debug_macro   0x00000000      0x172 ./src/Drivers/DR_RTC.o
 .debug_macro   0x00000000       0x4c ./src/Drivers/DR_RTC.o
 .debug_macro   0x00000000       0xa0 ./src/Drivers/DR_RTC.o
 .debug_macro   0x00000000       0x3a ./src/Drivers/DR_RTC.o
 .debug_macro   0x00000000       0x22 ./src/Drivers/DR_RTC.o
 .group         0x00000000        0x8 ./src/Drivers/DR_Systick.o
 .group         0x00000000        0x8 ./src/Drivers/DR_Systick.o
 .group         0x00000000        0x8 ./src/Drivers/DR_Systick.o
 .group         0x00000000        0x8 ./src/Drivers/DR_Systick.o
 .group         0x00000000        0x8 ./src/Drivers/DR_Systick.o
 .group         0x00000000        0x8 ./src/Drivers/DR_Systick.o
 .group         0x00000000        0x8 ./src/Drivers/DR_Systick.o
 .group         0x00000000        0x8 ./src/Drivers/DR_Systick.o
 .group         0x00000000        0x8 ./src/Drivers/DR_Systick.o
 .group         0x00000000        0x8 ./src/Drivers/DR_Systick.o
 .text          0x00000000        0x0 ./src/Drivers/DR_Systick.o
 .data          0x00000000        0x0 ./src/Drivers/DR_Systick.o
 .bss           0x00000000        0x0 ./src/Drivers/DR_Systick.o
 .debug_macro   0x00000000      0x886 ./src/Drivers/DR_Systick.o
 .debug_macro   0x00000000      0x671 ./src/Drivers/DR_Systick.o
 .debug_macro   0x00000000       0x7c ./src/Drivers/DR_Systick.o
 .debug_macro   0x00000000       0x5e ./src/Drivers/DR_Systick.o
 .debug_macro   0x00000000      0x160 ./src/Drivers/DR_Systick.o
 .debug_macro   0x00000000      0x172 ./src/Drivers/DR_Systick.o
 .debug_macro   0x00000000       0x4c ./src/Drivers/DR_Systick.o
 .debug_macro   0x00000000       0xa0 ./src/Drivers/DR_Systick.o
 .debug_macro   0x00000000       0x3a ./src/Drivers/DR_Systick.o
 .debug_macro   0x00000000       0x22 ./src/Drivers/DR_Systick.o
 .group         0x00000000        0x8 ./src/Drivers/DR_Teclado5x1.o
 .group         0x00000000        0x8 ./src/Drivers/DR_Teclado5x1.o
 .group         0x00000000        0x8 ./src/Drivers/DR_Teclado5x1.o
 .group         0x00000000        0x8 ./src/Drivers/DR_Teclado5x1.o
 .group         0x00000000        0x8 ./src/Drivers/DR_Teclado5x1.o
 .group         0x00000000        0x8 ./src/Drivers/DR_Teclado5x1.o
 .group         0x00000000        0x8 ./src/Drivers/DR_Teclado5x1.o
 .group         0x00000000        0x8 ./src/Drivers/DR_Teclado5x1.o
 .group         0x00000000        0x8 ./src/Drivers/DR_Teclado5x1.o
 .group         0x00000000        0x8 ./src/Drivers/DR_Teclado5x1.o
 .text          0x00000000        0x0 ./src/Drivers/DR_Teclado5x1.o
 .data          0x00000000        0x0 ./src/Drivers/DR_Teclado5x1.o
 .bss           0x00000000        0x0 ./src/Drivers/DR_Teclado5x1.o
 .debug_macro   0x00000000      0x886 ./src/Drivers/DR_Teclado5x1.o
 .debug_macro   0x00000000      0x671 ./src/Drivers/DR_Teclado5x1.o
 .debug_macro   0x00000000       0x7c ./src/Drivers/DR_Teclado5x1.o
 .debug_macro   0x00000000       0x5e ./src/Drivers/DR_Teclado5x1.o
 .debug_macro   0x00000000      0x160 ./src/Drivers/DR_Teclado5x1.o
 .debug_macro   0x00000000      0x172 ./src/Drivers/DR_Teclado5x1.o
 .debug_macro   0x00000000       0x4c ./src/Drivers/DR_Teclado5x1.o
 .debug_macro   0x00000000       0xa0 ./src/Drivers/DR_Teclado5x1.o
 .debug_macro   0x00000000       0x3a ./src/Drivers/DR_Teclado5x1.o
 .debug_macro   0x00000000       0x22 ./src/Drivers/DR_Teclado5x1.o
 .group         0x00000000        0x8 ./src/Drivers/cr_startup_lpc175x_6x.o
 .text          0x00000000        0x0 ./src/Drivers/cr_startup_lpc175x_6x.o
 .data          0x00000000        0x0 ./src/Drivers/cr_startup_lpc175x_6x.o
 .bss           0x00000000        0x0 ./src/Drivers/cr_startup_lpc175x_6x.o
 .debug_macro   0x00000000      0x886 ./src/Drivers/cr_startup_lpc175x_6x.o
 .group         0x00000000        0x8 ./src/Drivers/crp.o
 .group         0x00000000        0x8 ./src/Drivers/crp.o
 .text          0x00000000        0x0 ./src/Drivers/crp.o
 .data          0x00000000        0x0 ./src/Drivers/crp.o
 .bss           0x00000000        0x0 ./src/Drivers/crp.o
 .crp           0x00000000        0x4 ./src/Drivers/crp.o
 .debug_info    0x00000000       0x3f ./src/Drivers/crp.o
 .debug_abbrev  0x00000000       0x36 ./src/Drivers/crp.o
 .debug_aranges
                0x00000000       0x18 ./src/Drivers/crp.o
 .debug_macro   0x00000000       0x1a ./src/Drivers/crp.o
 .debug_macro   0x00000000      0x886 ./src/Drivers/crp.o
 .debug_macro   0x00000000       0x34 ./src/Drivers/crp.o
 .debug_line    0x00000000       0x80 ./src/Drivers/crp.o
 .debug_str     0x00000000     0x25b3 ./src/Drivers/crp.o
 .comment       0x00000000       0x6f ./src/Drivers/crp.o
 .ARM.attributes
                0x00000000       0x33 ./src/Drivers/crp.o
 .group         0x00000000        0x8 ./src/main.o
 .group         0x00000000        0x8 ./src/main.o
 .group         0x00000000        0x8 ./src/main.o
 .group         0x00000000        0x8 ./src/main.o
 .group         0x00000000        0x8 ./src/main.o
 .group         0x00000000        0x8 ./src/main.o
 .group         0x00000000        0x8 ./src/main.o
 .group         0x00000000        0x8 ./src/main.o
 .group         0x00000000        0x8 ./src/main.o
 .group         0x00000000        0x8 ./src/main.o
 .group         0x00000000        0x8 ./src/main.o
 .text          0x00000000        0x0 ./src/main.o
 .data          0x00000000        0x0 ./src/main.o
 .bss           0x00000000        0x0 ./src/main.o
 .debug_macro   0x00000000      0x886 ./src/main.o
 .debug_macro   0x00000000      0x671 ./src/main.o
 .debug_macro   0x00000000       0x7c ./src/main.o
 .debug_macro   0x00000000       0x5e ./src/main.o
 .debug_macro   0x00000000      0x160 ./src/main.o
 .debug_macro   0x00000000      0x172 ./src/main.o
 .debug_macro   0x00000000       0x4c ./src/main.o
 .debug_macro   0x00000000       0xa0 ./src/main.o
 .debug_macro   0x00000000       0x3a ./src/main.o
 .debug_macro   0x00000000       0x22 ./src/main.o
 .text          0x00000000        0x0 c:/nxp/lpcxpresso_8.2.2_650/lpcxpresso/tools/bin/../lib/gcc/arm-none-eabi/5.4.1/../../../../arm-none-eabi/lib/armv7-m\libcr_c.a(__weak__main.o)
 .data          0x00000000        0x0 c:/nxp/lpcxpresso_8.2.2_650/lpcxpresso/tools/bin/../lib/gcc/arm-none-eabi/5.4.1/../../../../arm-none-eabi/lib/armv7-m\libcr_c.a(__weak__main.o)
 .bss           0x00000000        0x0 c:/nxp/lpcxpresso_8.2.2_650/lpcxpresso/tools/bin/../lib/gcc/arm-none-eabi/5.4.1/../../../../arm-none-eabi/lib/armv7-m\libcr_c.a(__weak__main.o)

Memory Configuration

Name             Origin             Length             Attributes
MFlash512        0x00000000         0x00080000         xr
RamLoc32         0x10000000         0x00008000         xrw
RamAHB32         0x2007c000         0x00008000         xrw
*default*        0x00000000         0xffffffff

Linker script and memory map

LOAD ./src/Primitivas/PR_7Seg.o
LOAD ./src/Primitivas/PR_MenuLCD.o
LOAD ./src/Primitivas/PR_Teclado5x1.o
LOAD ./src/FW_Inicializaciones/FW_InicDisplays7seg.o
LOAD ./src/FW_Inicializaciones/FW_InicLCD.o
LOAD ./src/FW_Inicializaciones/FW_InicRTC.o
LOAD ./src/FW_Inicializaciones/FW_InicSysTick.o
LOAD ./src/FW_Inicializaciones/FW_InicTeclado5x1.o
LOAD ./src/FW_Inicializaciones/FW_InitBaseBoard.o
LOAD ./src/FW_Inicializaciones/FW_InitOscilador.o
LOAD ./src/Drivers/DR_7Seg.o
LOAD ./src/Drivers/DR_GPIO.o
LOAD ./src/Drivers/DR_LCD.o
LOAD ./src/Drivers/DR_RTC.o
LOAD ./src/Drivers/DR_Systick.o
LOAD ./src/Drivers/DR_Teclado5x1.o
LOAD ./src/Drivers/cr_startup_lpc175x_6x.o
LOAD ./src/Drivers/crp.o
LOAD ./src/main.o
START GROUP
LOAD c:/nxp/lpcxpresso_8.2.2_650/lpcxpresso/tools/bin/../lib/gcc/arm-none-eabi/5.4.1/../../../../arm-none-eabi/lib/armv7-m\libcr_c.a
LOAD c:/nxp/lpcxpresso_8.2.2_650/lpcxpresso/tools/bin/../lib/gcc/arm-none-eabi/5.4.1/armv7-m\libcr_eabihelpers.a
END GROUP
                0x00000000                __base_MFlash512 = 0x0
                0x00000000                __base_Flash = 0x0
                0x00080000                __top_MFlash512 = 0x80000
                0x00080000                __top_Flash = 0x80000
                0x10000000                __base_RamLoc32 = 0x10000000
                0x10000000                __base_RAM = 0x10000000
                0x10008000                __top_RamLoc32 = 0x10008000
                0x10008000                __top_RAM = 0x10008000
                0x2007c000                __base_RamAHB32 = 0x2007c000
                0x2007c000                __base_RAM2 = 0x2007c000
                0x20084000                __top_RamAHB32 = 0x20084000
                0x20084000                __top_RAM2 = 0x20084000

.text           0x00000000     0x1de4
 FILL mask 0xff
                0x00000000                __vectors_start__ = ABSOLUTE (.)
 *(.isr_vector)
 .isr_vector    0x00000000       0xcc ./src/Drivers/cr_startup_lpc175x_6x.o
                0x00000000                g_pfnVectors
                0x000000cc                . = ALIGN (0x4)
                0x000000cc                __section_table_start = .
                0x000000cc                __data_section_table = .
                0x000000cc        0x4 LONG 0x1de4 LOADADDR (.data)
                0x000000d0        0x4 LONG 0x10000000 ADDR (.data)
                0x000000d4        0x4 LONG 0x10 SIZEOF (.data)
                0x000000d8        0x4 LONG 0x1de4 LOADADDR (.data_RAM2)
                0x000000dc        0x4 LONG 0x2007c000 ADDR (.data_RAM2)
                0x000000e0        0x4 LONG 0x0 SIZEOF (.data_RAM2)
                0x000000e4                __data_section_table_end = .
                0x000000e4                __bss_section_table = .
                0x000000e4        0x4 LONG 0x10000010 ADDR (.bss)
                0x000000e8        0x4 LONG 0x18 SIZEOF (.bss)
                0x000000ec        0x4 LONG 0x2007c000 ADDR (.bss_RAM2)
                0x000000f0        0x4 LONG 0x0 SIZEOF (.bss_RAM2)
                0x000000f4                __bss_section_table_end = .
                0x000000f4                __section_table_end = .
 *(.after_vectors*)
 .after_vectors
                0x000000f4      0x140 ./src/Drivers/cr_startup_lpc175x_6x.o
                0x000000f4                data_init
                0x00000138                bss_init
                0x00000170                ResetISR
                0x000001e4                NMI_Handler
                0x000001ec                HardFault_Handler
                0x000001f4                MemManage_Handler
                0x000001fc                BusFault_Handler
                0x00000204                UsageFault_Handler
                0x0000020c                SVC_Handler
                0x00000214                DebugMon_Handler
                0x0000021c                PendSV_Handler
                0x0000022c                UART1_IRQHandler
                0x0000022c                EINT3_IRQHandler
                0x0000022c                CANActivity_IRQHandler
                0x0000022c                TIMER3_IRQHandler
                0x0000022c                UART0_IRQHandler
                0x0000022c                USBActivity_IRQHandler
                0x0000022c                EINT2_IRQHandler
                0x0000022c                IntDefaultHandler
                0x0000022c                PLL0_IRQHandler
                0x0000022c                I2C0_IRQHandler
                0x0000022c                PLL1_IRQHandler
                0x0000022c                I2C1_IRQHandler
                0x0000022c                I2S_IRQHandler
                0x0000022c                I2C2_IRQHandler
                0x0000022c                TIMER0_IRQHandler
                0x0000022c                SPI_IRQHandler
                0x0000022c                RIT_IRQHandler
                0x0000022c                EINT1_IRQHandler
                0x0000022c                TIMER1_IRQHandler
                0x0000022c                UART2_IRQHandler
                0x0000022c                ADC_IRQHandler
                0x0000022c                SSP1_IRQHandler
                0x0000022c                USB_IRQHandler
                0x0000022c                BOD_IRQHandler
                0x0000022c                PWM1_IRQHandler
                0x0000022c                WDT_IRQHandler
                0x0000022c                SSP0_IRQHandler
                0x0000022c                QEI_IRQHandler
                0x0000022c                EINT0_IRQHandler
                0x0000022c                CAN_IRQHandler
                0x0000022c                DMA_IRQHandler
                0x0000022c                TIMER2_IRQHandler
                0x0000022c                UART3_IRQHandler
                0x0000022c                MCPWM_IRQHandler
                0x0000022c                ENET_IRQHandler
 *(.text*)
 .text.Displays7seg
                0x00000234       0xd8 ./src/Primitivas/PR_7Seg.o
                0x00000234                Displays7seg
 .text.Menu_LCD
                0x0000030c      0x4b0 ./src/Primitivas/PR_MenuLCD.o
                0x0000030c                Menu_LCD
 .text.Teclado  0x000007bc       0x30 ./src/Primitivas/PR_Teclado5x1.o
                0x000007bc                Teclado
 .text.Inicializar_Displays7seg
                0x000007ec      0x120 ./src/FW_Inicializaciones/FW_InicDisplays7seg.o
                0x000007ec                Inicializar_Displays7seg
 .text.Inic_PinesLCD
                0x0000090c       0xf8 ./src/FW_Inicializaciones/FW_InicLCD.o
                0x0000090c                Inic_PinesLCD
 .text.Inic_LCD
                0x00000a04       0x88 ./src/FW_Inicializaciones/FW_InicLCD.o
                0x00000a04                Inic_LCD
 .text.Inic_RTC
                0x00000a8c       0x40 ./src/FW_Inicializaciones/FW_InicRTC.o
                0x00000a8c                Inic_RTC
 .text.InicSysTick
                0x00000acc       0x4c ./src/FW_Inicializaciones/FW_InicSysTick.o
                0x00000acc                InicSysTick
 .text.Inicializar_Teclado
                0x00000b18       0x8c ./src/FW_Inicializaciones/FW_InicTeclado5x1.o
                0x00000b18                Inicializar_Teclado
 .text.InicializarKit
                0x00000ba4       0x7c ./src/FW_Inicializaciones/FW_InitBaseBoard.o
                0x00000ba4                InicializarKit
 .text.InicPLL  0x00000c20      0x140 ./src/FW_Inicializaciones/FW_InitOscilador.o
                0x00000c20                InicPLL
 .text.BarridoDisplay
                0x00000d60      0x1a0 ./src/Drivers/DR_7Seg.o
                0x00000d60                BarridoDisplay
 .text.SetPINSEL
                0x00000f00       0x88 ./src/Drivers/DR_GPIO.o
                0x00000f00                SetPINSEL
 .text.SetPINMODE
                0x00000f88       0x7c ./src/Drivers/DR_GPIO.o
                0x00000f88                SetPINMODE
 .text.SetMODE_OD
                0x00001004       0x60 ./src/Drivers/DR_GPIO.o
                0x00001004                SetMODE_OD
 .text.SetDIR   0x00001064       0x70 ./src/Drivers/DR_GPIO.o
                0x00001064                SetDIR
 .text.SetPIN   0x000010d4       0x74 ./src/Drivers/DR_GPIO.o
                0x000010d4                SetPIN
 .text.GetPIN   0x00001148       0x4c ./src/Drivers/DR_GPIO.o
                0x00001148                GetPIN
 .text.LCDDelay
                0x00001194       0x2c ./src/Drivers/DR_LCD.o
                0x00001194                LCDDelay
 .text.LatchLcd
                0x000011c0       0x24 ./src/Drivers/DR_LCD.o
                0x000011c0                LatchLcd
 .text.Escribir
                0x000011e4       0x28 ./src/Drivers/DR_LCD.o
                0x000011e4                Escribir
 .text.WComando8
                0x0000120c       0xd8 ./src/Drivers/DR_LCD.o
                0x0000120c                WComando8
 .text.WComando4
                0x000012e4       0x78 ./src/Drivers/DR_LCD.o
                0x000012e4                WComando4
 .text.WDato    0x0000135c       0xd8 ./src/Drivers/DR_LCD.o
                0x0000135c                WDato
 .text.LCD_Menu
                0x00001434       0xdc ./src/Drivers/DR_LCD.o
                0x00001434                LCD_Menu
 .text.LCD_Tierra
                0x00001510       0x40 ./src/Drivers/DR_LCD.o
                0x00001510                LCD_Tierra
 .text.LCD_Ambiente
                0x00001550       0x5c ./src/Drivers/DR_LCD.o
                0x00001550                LCD_Ambiente
 .text.LCD_Settings
                0x000015ac       0x54 ./src/Drivers/DR_LCD.o
                0x000015ac                LCD_Settings
 .text.LCD_RiegoC
                0x00001600       0x50 ./src/Drivers/DR_LCD.o
                0x00001600                LCD_RiegoC
 .text.LCD_HorasAutC
                0x00001650       0x34 ./src/Drivers/DR_LCD.o
                0x00001650                LCD_HorasAutC
 .text.LCD_HoraFechaC
                0x00001684       0x68 ./src/Drivers/DR_LCD.o
                0x00001684                LCD_HoraFechaC
 .text.LCD_HoraRiegoC
                0x000016ec       0x5c ./src/Drivers/DR_LCD.o
                0x000016ec                LCD_HoraRiegoC
 .text.ActualizarTierra
                0x00001748       0x64 ./src/Drivers/DR_LCD.o
                0x00001748                ActualizarTierra
 .text.ActualizarAmbiente
                0x000017ac       0xa8 ./src/Drivers/DR_LCD.o
                0x000017ac                ActualizarAmbiente
 .text.ActualizarHora
                0x00001854       0xbc ./src/Drivers/DR_LCD.o
                0x00001854                ActualizarHora
 .text.MuevoCursor
                0x00001910      0x1a4 ./src/Drivers/DR_LCD.o
                0x00001910                MuevoCursor
 .text.RTC_HabilitarIntContador
                0x00001ab4       0x44 ./src/Drivers/DR_RTC.o
                0x00001ab4                RTC_HabilitarIntContador
 .text.RTC_IRQHandler
                0x00001af8       0x3c ./src/Drivers/DR_RTC.o
                0x00001af8                RTC_IRQHandler
 .text.SysTick_Handler
                0x00001b34       0x2c ./src/Drivers/DR_Systick.o
                0x00001b34                SysTick_Handler
 .text.DriverTeclado
                0x00001b60       0x20 ./src/Drivers/DR_Teclado5x1.o
                0x00001b60                DriverTeclado
 .text.TecladoSW
                0x00001b80       0xc0 ./src/Drivers/DR_Teclado5x1.o
                0x00001b80                TecladoSW
 .text.TecladoHW
                0x00001c40       0x78 ./src/Drivers/DR_Teclado5x1.o
                0x00001c40                TecladoHW
 .text.main     0x00001cb8       0x50 ./src/main.o
                0x00001cb8                main
 .text.__weak_main
                0x00001d08        0x4 c:/nxp/lpcxpresso_8.2.2_650/lpcxpresso/tools/bin/../lib/gcc/arm-none-eabi/5.4.1/../../../../arm-none-eabi/lib/armv7-m\libcr_c.a(__weak__main.o)
                0x00001d08                __weak_main
                0x00001d08                __main
 *(.rodata .rodata.* .constdata .constdata.*)
 .rodata        0x00001d0c       0xac ./src/Drivers/DR_LCD.o
 .rodata.Array_PMenu
                0x00001db8        0x3 ./src/Drivers/DR_LCD.o
                0x00001db8                Array_PMenu
 *fill*         0x00001dbb        0x1 ff
 .rodata.Array_PSettings
                0x00001dbc        0x3 ./src/Drivers/DR_LCD.o
                0x00001dbc                Array_PSettings
 *fill*         0x00001dbf        0x1 ff
 .rodata.Array_PRiegoC
                0x00001dc0        0x4 ./src/Drivers/DR_LCD.o
                0x00001dc0                Array_PRiegoC
 .rodata.Array_PHorasAutC
                0x00001dc4        0x9 ./src/Drivers/DR_LCD.o
                0x00001dc4                Array_PHorasAutC
 *fill*         0x00001dcd        0x3 ff
 .rodata.Array_PHoraRiegoC
                0x00001dd0        0x6 ./src/Drivers/DR_LCD.o
                0x00001dd0                Array_PHoraRiegoC
 *fill*         0x00001dd6        0x2 ff
 .rodata.Array_PHoraFechaC
                0x00001dd8        0xb ./src/Drivers/DR_LCD.o
                0x00001dd8                Array_PHoraFechaC
                0x00001de4                . = ALIGN (0x4)
 *fill*         0x00001de3        0x1 ff

.glue_7         0x00001de4        0x0
 .glue_7        0x00001de4        0x0 linker stubs

.glue_7t        0x00001de4        0x0
 .glue_7t       0x00001de4        0x0 linker stubs

.vfp11_veneer   0x00001de4        0x0
 .vfp11_veneer  0x00001de4        0x0 linker stubs

.v4_bx          0x00001de4        0x0
 .v4_bx         0x00001de4        0x0 linker stubs

.iplt           0x00001de4        0x0
 .iplt          0x00001de4        0x0 ./src/Primitivas/PR_7Seg.o

.rel.dyn        0x00001de4        0x0
 .rel.iplt      0x00001de4        0x0 ./src/Primitivas/PR_7Seg.o

.ARM.extab
 *(.ARM.extab* .gnu.linkonce.armextab.*)
                0x00001de4                __exidx_start = .

.ARM.exidx
 *(.ARM.exidx* .gnu.linkonce.armexidx.*)
                0x00001de4                __exidx_end = .
                0x00001de4                _etext = .

.data_RAM2      0x2007c000        0x0 load address 0x00001de4
 FILL mask 0xff
                [!provide]                PROVIDE (__start_data_RAM2, .)
 *(.ramfunc.$RAM2)
 *(.ramfunc.$RamAHB32)
 *(.data.$RAM2*)
 *(.data.$RamAHB32*)
                0x2007c000                . = ALIGN (0x4)
                [!provide]                PROVIDE (__end_data_RAM2, .)

.uninit_RESERVED
                0x10000000        0x0
 *(.bss.$RESERVED*)
                0x10000000                . = ALIGN (0x4)
                0x10000000                _end_uninit_RESERVED = .

.data           0x10000000       0x10 load address 0x00001de4
 FILL mask 0xff
                0x10000000                _data = .
 *(vtable)
 *(.ramfunc*)
 *(.data*)
 .data.Tabla_Digitos_BCD_7seg
                0x10000000        0xa ./src/Primitivas/PR_7Seg.o
                0x10000000                Tabla_Digitos_BCD_7seg
 .data.PosCursor.3834
                0x1000000a        0x1 ./src/Primitivas/PR_MenuLCD.o
 .data.codAnt.3833
                0x1000000b        0x1 ./src/Drivers/DR_Teclado5x1.o
 .data.Temperatura
                0x1000000c        0x1 ./src/main.o
                0x1000000c                Temperatura
 .data.Humedad_T
                0x1000000d        0x1 ./src/main.o
                0x1000000d                Humedad_T
 .data.Humedad_A
                0x1000000e        0x1 ./src/main.o
                0x1000000e                Humedad_A
                0x10000010                . = ALIGN (0x4)
 *fill*         0x1000000f        0x1 ff
                0x10000010                _edata = .

.igot.plt       0x10000010        0x0 load address 0x00001df4
 .igot.plt      0x10000010        0x0 ./src/Primitivas/PR_7Seg.o

.bss_RAM2       0x2007c000        0x0
                [!provide]                PROVIDE (__start_bss_RAM2, .)
 *(.bss.$RAM2*)
 *(.bss.$RamAHB32*)
                0x2007c000                . = ALIGN ((. != 0x0)?0x4:0x1)
                [!provide]                PROVIDE (__end_bss_RAM2, .)

.bss            0x10000010       0x18
                0x10000010                _bss = .
 *(.bss*)
 .bss.PantallaAnt.3833
                0x10000010        0x1 ./src/Primitivas/PR_MenuLCD.o
 .bss.HumedadTAnt.3837
                0x10000011        0x1 ./src/Primitivas/PR_MenuLCD.o
 .bss.TemperaturaAnt.3836
                0x10000012        0x1 ./src/Primitivas/PR_MenuLCD.o
 .bss.HumedadAAnt.3835
                0x10000013        0x1 ./src/Primitivas/PR_MenuLCD.o
 .bss.Pantalla.3832
                0x10000014        0x1 ./src/Primitivas/PR_MenuLCD.o
 .bss.digito.3830
                0x10000015        0x1 ./src/Drivers/DR_7Seg.o
 .bss.i.3896    0x10000016        0x1 ./src/Drivers/DR_LCD.o
 .bss.estado.3834
                0x10000017        0x1 ./src/Drivers/DR_Teclado5x1.o
 .bss.cont.3835
                0x10000018        0x1 ./src/Drivers/DR_Teclado5x1.o
 *fill*         0x10000019        0x3 
 .bss.msgDisplay
                0x1000001c        0x6 ./src/main.o
                0x1000001c                msgDisplay
 .bss.buffKey   0x10000022        0x1 ./src/main.o
                0x10000022                buffKey
 *fill*         0x10000023        0x1 
 .bss.DemoraLCD
                0x10000024        0x2 ./src/main.o
                0x10000024                DemoraLCD
 .bss.flag_RiegoAut
                0x10000026        0x1 ./src/main.o
                0x10000026                flag_RiegoAut
 .bss.flag_IntMinutos
                0x10000027        0x1 ./src/main.o
                0x10000027                flag_IntMinutos
 *(COMMON)
                0x10000028                . = ALIGN (0x4)
                0x10000028                _ebss = .
                [!provide]                PROVIDE (end, .)

.noinit_RAM2    0x2007c000        0x0
 *(.noinit.$RAM2*)
 *(.noinit.$RamAHB32*)
                0x2007c000                . = ALIGN (0x4)

.noinit         0x10000028        0x0
                0x10000028                _noinit = .
 *(.noinit*)
                0x10000028                . = ALIGN (0x4)
                0x10000028                _end_noinit = .
                [!provide]                PROVIDE (_pvHeapStart, DEFINED (__user_heap_base)?__user_heap_base:.)
                0x10008000                PROVIDE (_vStackTop, DEFINED (__user_stack_top)?__user_stack_top:(__top_RamLoc32 - 0x0))
                0xefff74c6                PROVIDE (__valid_user_code_checksum, (0x0 - ((((((_vStackTop + (ResetISR + 0x1)) + (NMI_Handler + 0x1)) + (HardFault_Handler + 0x1)) + (DEFINED (MemManage_Handler)?MemManage_Handler:0x0 + 0x1)) + (DEFINED (BusFault_Handler)?BusFault_Handler:0x0 + 0x1)) + (DEFINED (UsageFault_Handler)?UsageFault_Handler:0x0 + 0x1))))
OUTPUT(0-TPORiegoGit.axf elf32-littlearm)

.debug_info     0x00000000     0x132d
 .debug_info    0x00000000      0x1cb ./src/Primitivas/PR_7Seg.o
 .debug_info    0x000001cb      0x10e ./src/Primitivas/PR_MenuLCD.o
 .debug_info    0x000002d9       0x7d ./src/Primitivas/PR_Teclado5x1.o
 .debug_info    0x00000356       0x50 ./src/FW_Inicializaciones/FW_InicDisplays7seg.o
 .debug_info    0x000003a6       0x61 ./src/FW_Inicializaciones/FW_InicLCD.o
 .debug_info    0x00000407       0x5b ./src/FW_Inicializaciones/FW_InicRTC.o
 .debug_info    0x00000462      0x134 ./src/FW_Inicializaciones/FW_InicSysTick.o
 .debug_info    0x00000596       0x50 ./src/FW_Inicializaciones/FW_InicTeclado5x1.o
 .debug_info    0x000005e6       0x50 ./src/FW_Inicializaciones/FW_InitBaseBoard.o
 .debug_info    0x00000636       0x5b ./src/FW_Inicializaciones/FW_InitOscilador.o
 .debug_info    0x00000691       0x9f ./src/Drivers/DR_7Seg.o
 .debug_info    0x00000730      0x207 ./src/Drivers/DR_GPIO.o
 .debug_info    0x00000937      0x383 ./src/Drivers/DR_LCD.o
 .debug_info    0x00000cba      0x199 ./src/Drivers/DR_RTC.o
 .debug_info    0x00000e53       0x6b ./src/Drivers/DR_Systick.o
 .debug_info    0x00000ebe       0xfd ./src/Drivers/DR_Teclado5x1.o
 .debug_info    0x00000fbb      0x253 ./src/Drivers/cr_startup_lpc175x_6x.o
 .debug_info    0x0000120e      0x11f ./src/main.o

.debug_abbrev   0x00000000      0x9c3
 .debug_abbrev  0x00000000      0x119 ./src/Primitivas/PR_7Seg.o
 .debug_abbrev  0x00000119       0x7f ./src/Primitivas/PR_MenuLCD.o
 .debug_abbrev  0x00000198       0x6b ./src/Primitivas/PR_Teclado5x1.o
 .debug_abbrev  0x00000203       0x3a ./src/FW_Inicializaciones/FW_InicDisplays7seg.o
 .debug_abbrev  0x0000023d       0x3a ./src/FW_Inicializaciones/FW_InicLCD.o
 .debug_abbrev  0x00000277       0x47 ./src/FW_Inicializaciones/FW_InicRTC.o
 .debug_abbrev  0x000002be       0xb6 ./src/FW_Inicializaciones/FW_InicSysTick.o
 .debug_abbrev  0x00000374       0x3a ./src/FW_Inicializaciones/FW_InicTeclado5x1.o
 .debug_abbrev  0x000003ae       0x3a ./src/FW_Inicializaciones/FW_InitBaseBoard.o
 .debug_abbrev  0x000003e8       0x47 ./src/FW_Inicializaciones/FW_InitOscilador.o
 .debug_abbrev  0x0000042f       0x7e ./src/Drivers/DR_7Seg.o
 .debug_abbrev  0x000004ad       0x9b ./src/Drivers/DR_GPIO.o
 .debug_abbrev  0x00000548      0x138 ./src/Drivers/DR_LCD.o
 .debug_abbrev  0x00000680       0xbc ./src/Drivers/DR_RTC.o
 .debug_abbrev  0x0000073c       0x5f ./src/Drivers/DR_Systick.o
 .debug_abbrev  0x0000079b       0xb5 ./src/Drivers/DR_Teclado5x1.o
 .debug_abbrev  0x00000850       0xf5 ./src/Drivers/cr_startup_lpc175x_6x.o
 .debug_abbrev  0x00000945       0x7e ./src/main.o

.debug_aranges  0x00000000      0x390
 .debug_aranges
                0x00000000       0x20 ./src/Primitivas/PR_7Seg.o
 .debug_aranges
                0x00000020       0x20 ./src/Primitivas/PR_MenuLCD.o
 .debug_aranges
                0x00000040       0x20 ./src/Primitivas/PR_Teclado5x1.o
 .debug_aranges
                0x00000060       0x20 ./src/FW_Inicializaciones/FW_InicDisplays7seg.o
 .debug_aranges
                0x00000080       0x28 ./src/FW_Inicializaciones/FW_InicLCD.o
 .debug_aranges
                0x000000a8       0x20 ./src/FW_Inicializaciones/FW_InicRTC.o
 .debug_aranges
                0x000000c8       0x20 ./src/FW_Inicializaciones/FW_InicSysTick.o
 .debug_aranges
                0x000000e8       0x20 ./src/FW_Inicializaciones/FW_InicTeclado5x1.o
 .debug_aranges
                0x00000108       0x20 ./src/FW_Inicializaciones/FW_InitBaseBoard.o
 .debug_aranges
                0x00000128       0x20 ./src/FW_Inicializaciones/FW_InitOscilador.o
 .debug_aranges
                0x00000148       0x20 ./src/Drivers/DR_7Seg.o
 .debug_aranges
                0x00000168       0x50 ./src/Drivers/DR_GPIO.o
 .debug_aranges
                0x000001b8       0xa8 ./src/Drivers/DR_LCD.o
 .debug_aranges
                0x00000260       0x40 ./src/Drivers/DR_RTC.o
 .debug_aranges
                0x000002a0       0x20 ./src/Drivers/DR_Systick.o
 .debug_aranges
                0x000002c0       0x30 ./src/Drivers/DR_Teclado5x1.o
 .debug_aranges
                0x000002f0       0x80 ./src/Drivers/cr_startup_lpc175x_6x.o
 .debug_aranges
                0x00000370       0x20 ./src/main.o

.debug_ranges   0x00000000      0x270
 .debug_ranges  0x00000000       0x10 ./src/Primitivas/PR_7Seg.o
 .debug_ranges  0x00000010       0x10 ./src/Primitivas/PR_MenuLCD.o
 .debug_ranges  0x00000020       0x10 ./src/Primitivas/PR_Teclado5x1.o
 .debug_ranges  0x00000030       0x10 ./src/FW_Inicializaciones/FW_InicDisplays7seg.o
 .debug_ranges  0x00000040       0x18 ./src/FW_Inicializaciones/FW_InicLCD.o
 .debug_ranges  0x00000058       0x10 ./src/FW_Inicializaciones/FW_InicRTC.o
 .debug_ranges  0x00000068       0x10 ./src/FW_Inicializaciones/FW_InicSysTick.o
 .debug_ranges  0x00000078       0x10 ./src/FW_Inicializaciones/FW_InicTeclado5x1.o
 .debug_ranges  0x00000088       0x10 ./src/FW_Inicializaciones/FW_InitBaseBoard.o
 .debug_ranges  0x00000098       0x10 ./src/FW_Inicializaciones/FW_InitOscilador.o
 .debug_ranges  0x000000a8       0x10 ./src/Drivers/DR_7Seg.o
 .debug_ranges  0x000000b8       0x40 ./src/Drivers/DR_GPIO.o
 .debug_ranges  0x000000f8       0x98 ./src/Drivers/DR_LCD.o
 .debug_ranges  0x00000190       0x30 ./src/Drivers/DR_RTC.o
 .debug_ranges  0x000001c0       0x10 ./src/Drivers/DR_Systick.o
 .debug_ranges  0x000001d0       0x20 ./src/Drivers/DR_Teclado5x1.o
 .debug_ranges  0x000001f0       0x70 ./src/Drivers/cr_startup_lpc175x_6x.o
 .debug_ranges  0x00000260       0x10 ./src/main.o

.debug_macro    0x00000000     0x1c76
 .debug_macro   0x00000000       0x7c ./src/Primitivas/PR_7Seg.o
 .debug_macro   0x0000007c      0x886 ./src/Primitivas/PR_7Seg.o
 .debug_macro   0x00000902      0x671 ./src/Primitivas/PR_7Seg.o
 .debug_macro   0x00000f73       0x7c ./src/Primitivas/PR_7Seg.o
 .debug_macro   0x00000fef       0x5e ./src/Primitivas/PR_7Seg.o
 .debug_macro   0x0000104d      0x160 ./src/Primitivas/PR_7Seg.o
 .debug_macro   0x000011ad      0x172 ./src/Primitivas/PR_7Seg.o
 .debug_macro   0x0000131f       0x4c ./src/Primitivas/PR_7Seg.o
 .debug_macro   0x0000136b       0xa0 ./src/Primitivas/PR_7Seg.o
 .debug_macro   0x0000140b       0x3a ./src/Primitivas/PR_7Seg.o
 .debug_macro   0x00001445       0x22 ./src/Primitivas/PR_7Seg.o
 .debug_macro   0x00001467       0x7c ./src/Primitivas/PR_MenuLCD.o
 .debug_macro   0x000014e3       0x7c ./src/Primitivas/PR_Teclado5x1.o
 .debug_macro   0x0000155f       0x7c ./src/FW_Inicializaciones/FW_InicDisplays7seg.o
 .debug_macro   0x000015db       0x7c ./src/FW_Inicializaciones/FW_InicLCD.o
 .debug_macro   0x00001657       0x7c ./src/FW_Inicializaciones/FW_InicRTC.o
 .debug_macro   0x000016d3       0x7c ./src/FW_Inicializaciones/FW_InicSysTick.o
 .debug_macro   0x0000174f       0x7c ./src/FW_Inicializaciones/FW_InicTeclado5x1.o
 .debug_macro   0x000017cb       0x7c ./src/FW_Inicializaciones/FW_InitBaseBoard.o
 .debug_macro   0x00001847       0x23 ./src/FW_Inicializaciones/FW_InitOscilador.o
 .debug_macro   0x0000186a       0x7c ./src/Drivers/DR_7Seg.o
 .debug_macro   0x000018e6       0x7c ./src/Drivers/DR_GPIO.o
 .debug_macro   0x00001962       0x7c ./src/Drivers/DR_LCD.o
 .debug_macro   0x000019de       0x7c ./src/Drivers/DR_RTC.o
 .debug_macro   0x00001a5a       0x7c ./src/Drivers/DR_Systick.o
 .debug_macro   0x00001ad6       0x7c ./src/Drivers/DR_Teclado5x1.o
 .debug_macro   0x00001b52       0x1d ./src/Drivers/cr_startup_lpc175x_6x.o
 .debug_macro   0x00001b6f       0x85 ./src/main.o
 .debug_macro   0x00001bf4       0x82 ./src/main.o

.debug_line     0x00000000     0x18cc
 .debug_line    0x00000000      0x12a ./src/Primitivas/PR_7Seg.o
 .debug_line    0x0000012a      0x235 ./src/Primitivas/PR_MenuLCD.o
 .debug_line    0x0000035f      0x11f ./src/Primitivas/PR_Teclado5x1.o
 .debug_line    0x0000047e      0x145 ./src/FW_Inicializaciones/FW_InicDisplays7seg.o
 .debug_line    0x000005c3      0x15c ./src/FW_Inicializaciones/FW_InicLCD.o
 .debug_line    0x0000071f      0x126 ./src/FW_Inicializaciones/FW_InicRTC.o
 .debug_line    0x00000845      0x128 ./src/FW_Inicializaciones/FW_InicSysTick.o
 .debug_line    0x0000096d      0x134 ./src/FW_Inicializaciones/FW_InicTeclado5x1.o
 .debug_line    0x00000aa1      0x133 ./src/FW_Inicializaciones/FW_InitBaseBoard.o
 .debug_line    0x00000bd4       0xfb ./src/FW_Inicializaciones/FW_InitOscilador.o
 .debug_line    0x00000ccf      0x12a ./src/Drivers/DR_7Seg.o
 .debug_line    0x00000df9      0x18f ./src/Drivers/DR_GPIO.o
 .debug_line    0x00000f88      0x2f2 ./src/Drivers/DR_LCD.o
 .debug_line    0x0000127a      0x173 ./src/Drivers/DR_RTC.o
 .debug_line    0x000013ed      0x11c ./src/Drivers/DR_Systick.o
 .debug_line    0x00001509      0x180 ./src/Drivers/DR_Teclado5x1.o
 .debug_line    0x00001689       0xdc ./src/Drivers/cr_startup_lpc175x_6x.o
 .debug_line    0x00001765      0x167 ./src/main.o

.debug_str      0x00000000     0x55ba
 .debug_str     0x00000000     0x4977 ./src/Primitivas/PR_7Seg.o
                               0x4a01 (size before relaxing)
 .debug_str     0x00004977       0xab ./src/Primitivas/PR_MenuLCD.o
                               0x49cf (size before relaxing)
 .debug_str     0x00004a22       0x30 ./src/Primitivas/PR_Teclado5x1.o
                               0x495c (size before relaxing)
 .debug_str     0x00004a52       0x4a ./src/FW_Inicializaciones/FW_InicDisplays7seg.o
                               0x4966 (size before relaxing)
 .debug_str     0x00004a9c       0x3f ./src/FW_Inicializaciones/FW_InicLCD.o
                               0x495b (size before relaxing)
 .debug_str     0x00004adb       0x31 ./src/FW_Inicializaciones/FW_InicRTC.o
                               0x4956 (size before relaxing)
 .debug_str     0x00004b0c       0x38 ./src/FW_Inicializaciones/FW_InicSysTick.o
                               0x49cc (size before relaxing)
 .debug_str     0x00004b44       0x43 ./src/FW_Inicializaciones/FW_InicTeclado5x1.o
                               0x495f (size before relaxing)
 .debug_str     0x00004b87       0x3d ./src/FW_Inicializaciones/FW_InitBaseBoard.o
                               0x4959 (size before relaxing)
 .debug_str     0x00004bc4       0x36 ./src/FW_Inicializaciones/FW_InitOscilador.o
                               0x3c79 (size before relaxing)
 .debug_str     0x00004bfa       0x38 ./src/Drivers/DR_7Seg.o
                               0x4967 (size before relaxing)
 .debug_str     0x00004c32       0x73 ./src/Drivers/DR_GPIO.o
                               0x49a0 (size before relaxing)
 .debug_str     0x00004ca5      0x19c ./src/Drivers/DR_LCD.o
                               0x4aee (size before relaxing)
 .debug_str     0x00004e41       0xcf ./src/Drivers/DR_RTC.o
                               0x4a16 (size before relaxing)
 .debug_str     0x00004f10       0x2c ./src/Drivers/DR_Systick.o
                               0x495b (size before relaxing)
 .debug_str     0x00004f3c       0x68 ./src/Drivers/DR_Teclado5x1.o
                               0x499b (size before relaxing)
 .debug_str     0x00004fa4      0x1ba ./src/Drivers/cr_startup_lpc175x_6x.o
                               0x269b (size before relaxing)
 .debug_str     0x0000515e      0x45c ./src/main.o
                               0x4ded (size before relaxing)

.comment        0x00000000       0xdc
 .comment       0x00000000       0x6e ./src/Primitivas/PR_7Seg.o
                                 0x6f (size before relaxing)
 .comment       0x0000006e       0x6f ./src/Primitivas/PR_MenuLCD.o
 .comment       0x0000006e       0x6f ./src/Primitivas/PR_Teclado5x1.o
 .comment       0x0000006e       0x6f ./src/FW_Inicializaciones/FW_InicDisplays7seg.o
 .comment       0x0000006e       0x6f ./src/FW_Inicializaciones/FW_InicLCD.o
 .comment       0x0000006e       0x6f ./src/FW_Inicializaciones/FW_InicRTC.o
 .comment       0x0000006e       0x6f ./src/FW_Inicializaciones/FW_InicSysTick.o
 .comment       0x0000006e       0x6f ./src/FW_Inicializaciones/FW_InicTeclado5x1.o
 .comment       0x0000006e       0x6f ./src/FW_Inicializaciones/FW_InitBaseBoard.o
 .comment       0x0000006e       0x6f ./src/FW_Inicializaciones/FW_InitOscilador.o
 .comment       0x0000006e       0x6f ./src/Drivers/DR_7Seg.o
 .comment       0x0000006e       0x6f ./src/Drivers/DR_GPIO.o
 .comment       0x0000006e       0x6f ./src/Drivers/DR_LCD.o
 .comment       0x0000006e       0x6f ./src/Drivers/DR_RTC.o
 .comment       0x0000006e       0x6f ./src/Drivers/DR_Systick.o
 .comment       0x0000006e       0x6f ./src/Drivers/DR_Teclado5x1.o
 .comment       0x0000006e       0x6f ./src/Drivers/cr_startup_lpc175x_6x.o
 .comment       0x0000006e       0x6f ./src/main.o
 .comment       0x0000006e       0x6e c:/nxp/lpcxpresso_8.2.2_650/lpcxpresso/tools/bin/../lib/gcc/arm-none-eabi/5.4.1/../../../../arm-none-eabi/lib/armv7-m\libcr_c.a(__weak__main.o)
                                 0x6f (size before relaxing)

.ARM.attributes
                0x00000000       0x33
 .ARM.attributes
                0x00000000       0x33 ./src/Primitivas/PR_7Seg.o
 .ARM.attributes
                0x00000033       0x33 ./src/Primitivas/PR_MenuLCD.o
 .ARM.attributes
                0x00000066       0x33 ./src/Primitivas/PR_Teclado5x1.o
 .ARM.attributes
                0x00000099       0x33 ./src/FW_Inicializaciones/FW_InicDisplays7seg.o
 .ARM.attributes
                0x000000cc       0x33 ./src/FW_Inicializaciones/FW_InicLCD.o
 .ARM.attributes
                0x000000ff       0x33 ./src/FW_Inicializaciones/FW_InicRTC.o
 .ARM.attributes
                0x00000132       0x33 ./src/FW_Inicializaciones/FW_InicSysTick.o
 .ARM.attributes
                0x00000165       0x33 ./src/FW_Inicializaciones/FW_InicTeclado5x1.o
 .ARM.attributes
                0x00000198       0x33 ./src/FW_Inicializaciones/FW_InitBaseBoard.o
 .ARM.attributes
                0x000001cb       0x33 ./src/FW_Inicializaciones/FW_InitOscilador.o
 .ARM.attributes
                0x000001fe       0x33 ./src/Drivers/DR_7Seg.o
 .ARM.attributes
                0x00000231       0x33 ./src/Drivers/DR_GPIO.o
 .ARM.attributes
                0x00000264       0x33 ./src/Drivers/DR_LCD.o
 .ARM.attributes
                0x00000297       0x33 ./src/Drivers/DR_RTC.o
 .ARM.attributes
                0x000002ca       0x33 ./src/Drivers/DR_Systick.o
 .ARM.attributes
                0x000002fd       0x33 ./src/Drivers/DR_Teclado5x1.o
 .ARM.attributes
                0x00000330       0x33 ./src/Drivers/cr_startup_lpc175x_6x.o
 .ARM.attributes
                0x00000363       0x33 ./src/main.o
 .ARM.attributes
                0x00000396       0x33 c:/nxp/lpcxpresso_8.2.2_650/lpcxpresso/tools/bin/../lib/gcc/arm-none-eabi/5.4.1/../../../../arm-none-eabi/lib/armv7-m\libcr_c.a(__weak__main.o)

.debug_frame    0x00000000      0x8c8
 .debug_frame   0x00000000       0x38 ./src/Primitivas/PR_7Seg.o
 .debug_frame   0x00000038       0x38 ./src/Primitivas/PR_MenuLCD.o
 .debug_frame   0x00000070       0x38 ./src/Primitivas/PR_Teclado5x1.o
 .debug_frame   0x000000a8       0x2c ./src/FW_Inicializaciones/FW_InicDisplays7seg.o
 .debug_frame   0x000000d4       0x48 ./src/FW_Inicializaciones/FW_InicLCD.o
 .debug_frame   0x0000011c       0x2c ./src/FW_Inicializaciones/FW_InicRTC.o
 .debug_frame   0x00000148       0x30 ./src/FW_Inicializaciones/FW_InicSysTick.o
 .debug_frame   0x00000178       0x2c ./src/FW_Inicializaciones/FW_InicTeclado5x1.o
 .debug_frame   0x000001a4       0x2c ./src/FW_Inicializaciones/FW_InitBaseBoard.o
 .debug_frame   0x000001d0       0x30 ./src/FW_Inicializaciones/FW_InitOscilador.o
 .debug_frame   0x00000200       0x34 ./src/Drivers/DR_7Seg.o
 .debug_frame   0x00000234      0x128 ./src/Drivers/DR_GPIO.o
 .debug_frame   0x0000035c      0x254 ./src/Drivers/DR_LCD.o
 .debug_frame   0x000005b0       0xd0 ./src/Drivers/DR_RTC.o
 .debug_frame   0x00000680       0x2c ./src/Drivers/DR_Systick.o
 .debug_frame   0x000006ac       0x80 ./src/Drivers/DR_Teclado5x1.o
 .debug_frame   0x0000072c      0x170 ./src/Drivers/cr_startup_lpc175x_6x.o
 .debug_frame   0x0000089c       0x2c ./src/main.o
